Command: ffmpeg -y -loop 1 -t 5.0 -i D:\keaapp\court_movie_maker\backend\uploads\e06c5fa7-2cae-4cf4-8738-ba444f268421\images\02e2f089547f464495ab8d8230e63bec.jpg -loop 1 -t 5.0 -i D:\keaapp\court_movie_maker\backend\uploads\e06c5fa7-2cae-4cf4-8738-ba444f268421\images\26fab01a27f84120a1e290f1451ee409.jpg -loop 1 -t 5.0 -i D:\keaapp\court_movie_maker\backend\uploads\e06c5fa7-2cae-4cf4-8738-ba444f268421\images\4104baae5d68432bb8746e25f6231c27.jpg -loop 1 -t 5.0 -i D:\keaapp\court_movie_maker\backend\uploads\e06c5fa7-2cae-4cf4-8738-ba444f268421\images\5302c6fb275049dea61b8a4582c352d5.jpg -loop 1 -t 5.0 -i D:\keaapp\court_movie_maker\backend\uploads\e06c5fa7-2cae-4cf4-8738-ba444f268421\images\5a4e6bdca8d040ffbbc849558f3400f8.jpg -loop 1 -t 5.0 -i D:\keaapp\court_movie_maker\backend\uploads\e06c5fa7-2cae-4cf4-8738-ba444f268421\images\8a9f8010500a4851a2992e03d3765dc9.jpg -loop 1 -t 5.0 -i D:\keaapp\court_movie_maker\backend\uploads\e06c5fa7-2cae-4cf4-8738-ba444f268421\images\9283c2a06e82419a97abdca52e888269.jpg -loop 1 -t 5.0 -i D:\keaapp\court_movie_maker\backend\uploads\e06c5fa7-2cae-4cf4-8738-ba444f268421\images\a58dead787264f5789dcbd739e22b9f2.jpg -loop 1 -t 5.0 -i D:\keaapp\court_movie_maker\backend\uploads\e06c5fa7-2cae-4cf4-8738-ba444f268421\images\ac05000ed9ae4b379377786201b26e33.jpg -loop 1 -t 5.0 -i D:\keaapp\court_movie_maker\backend\uploads\e06c5fa7-2cae-4cf4-8738-ba444f268421\images\c63550a1ebe248a28889fe71bfbfee94.jpg -loop 1 -t 5.0 -i D:\keaapp\court_movie_maker\backend\uploads\e06c5fa7-2cae-4cf4-8738-ba444f268421\images\d62b60a5662c4292baa0da0720e556bf.jpg -loop 1 -t 5.0 -i D:\keaapp\court_movie_maker\backend\uploads\e06c5fa7-2cae-4cf4-8738-ba444f268421\images\d7faab5946fc4ad29761d88fd20011bb.jpg -loop 1 -t 5.0 -i D:\keaapp\court_movie_maker\backend\uploads\e06c5fa7-2cae-4cf4-8738-ba444f268421\images\e730040c711d4017965a952619f82f46.jpg -i D:\keaapp\court_movie_maker\backend\uploads\e06c5fa7-2cae-4cf4-8738-ba444f268421\audio\background.mp3 -i D:\keaapp\court_movie_maker\backend\outputs\9bab4e58-c8da-4ac7-83cb-c48b6c4ed832\tts_script.wav -filter_complex [0:v]scale=3840:2160,zoompan=z='min(zoom+0.0005,1.5)':x=iw/2-(iw/zoom/2):y=ih/2-(ih/zoom/2):d=125:s=1920x1080:fps=25,setsar=1[v0];[1:v]scale=3840:2160,zoompan=z='min(zoom+0.0005,1.5)':x=iw/2-(iw/zoom/2):y=ih/2-(ih/zoom/2):d=125:s=1920x1080:fps=25,setsar=1[v1];[2:v]scale=3840:2160,zoompan=z='min(zoom+0.0005,1.5)':x=iw/2-(iw/zoom/2):y=ih/2-(ih/zoom/2):d=125:s=1920x1080:fps=25,setsar=1[v2];[3:v]scale=3840:2160,zoompan=z='min(zoom+0.0005,1.5)':x=iw/2-(iw/zoom/2):y=ih/2-(ih/zoom/2):d=125:s=1920x1080:fps=25,setsar=1[v3];[4:v]scale=3840:2160,zoompan=z='min(zoom+0.0005,1.5)':x=iw/2-(iw/zoom/2):y=ih/2-(ih/zoom/2):d=125:s=1920x1080:fps=25,setsar=1[v4];[5:v]scale=3840:2160,zoompan=z='min(zoom+0.0005,1.5)':x=iw/2-(iw/zoom/2):y=ih/2-(ih/zoom/2):d=125:s=1920x1080:fps=25,setsar=1[v5];[6:v]scale=3840:2160,zoompan=z='min(zoom+0.0005,1.5)':x=iw/2-(iw/zoom/2):y=ih/2-(ih/zoom/2):d=125:s=1920x1080:fps=25,setsar=1[v6];[7:v]scale=3840:2160,zoompan=z='min(zoom+0.0005,1.5)':x=iw/2-(iw/zoom/2):y=ih/2-(ih/zoom/2):d=125:s=1920x1080:fps=25,setsar=1[v7];[8:v]scale=3840:2160,zoompan=z='min(zoom+0.0005,1.5)':x=iw/2-(iw/zoom/2):y=ih/2-(ih/zoom/2):d=125:s=1920x1080:fps=25,setsar=1[v8];[9:v]scale=3840:2160,zoompan=z='min(zoom+0.0005,1.5)':x=iw/2-(iw/zoom/2):y=ih/2-(ih/zoom/2):d=125:s=1920x1080:fps=25,setsar=1[v9];[10:v]scale=3840:2160,zoompan=z='min(zoom+0.0005,1.5)':x=iw/2-(iw/zoom/2):y=ih/2-(ih/zoom/2):d=125:s=1920x1080:fps=25,setsar=1[v10];[11:v]scale=3840:2160,zoompan=z='min(zoom+0.0005,1.5)':x=iw/2-(iw/zoom/2):y=ih/2-(ih/zoom/2):d=125:s=1920x1080:fps=25,setsar=1[v11];[12:v]scale=3840:2160,zoompan=z='min(zoom+0.0005,1.5)':x=iw/2-(iw/zoom/2):y=ih/2-(ih/zoom/2):d=125:s=1920x1080:fps=25,setsar=1[v12];[v0][v1]xfade=transition=slideleft:duration=1.00:offset=3.0000[xf0];[xf0][v2]xfade=transition=slideleft:duration=1.00:offset=6.0000[xf1];[xf1][v3]xfade=transition=slideleft:duration=1.00:offset=9.0000[xf2];[xf2][v4]xfade=transition=slideleft:duration=1.00:offset=12.0000[xf3];[xf3][v5]xfade=transition=slideleft:duration=1.00:offset=15.0000[xf4];[xf4][v6]xfade=transition=slideleft:duration=1.00:offset=18.0000[xf5];[xf5][v7]xfade=transition=slideleft:duration=1.00:offset=21.0000[xf6];[xf6][v8]xfade=transition=slideleft:duration=1.00:offset=24.0000[xf7];[xf7][v9]xfade=transition=slideleft:duration=1.00:offset=27.0000[xf8];[xf8][v10]xfade=transition=slideleft:duration=1.00:offset=30.0000[xf9];[xf9][v11]xfade=transition=slideleft:duration=1.00:offset=33.0000[xf10];[xf10][v12]xfade=transition=slideleft:duration=1.00:offset=36.0000[vout];[vout]drawtext=fontfile='C\:/Windows/Fonts/tahoma.ttf':text='สุขสันต์วันเกิด':fontcolor=0xFFB3C6:fontsize=48:x=(w-text_w)/2:y=h*0.85:box=1:boxcolor=black@0.5:boxborderw=10:enable='between(t\,0.50\,4.00)',drawtext=fontfile='C\:/Windows/Fonts/tahoma.ttf':text='ขอให้มีความสุขตลอดไป':fontcolor=0xFFB3C6:fontsize=48:x=(w-text_w)/2:y=h*0.85:box=1:boxcolor=black@0.5:boxborderw=10:enable='between(t\,48.00\,51.50)'[vfinal];[13:a]aloop=loop=-1:size=2e+09,atrim=duration=52.00,volume=0.80,afade=t=out:st=51.00:d=1.00[abg];[14:a]volume=1.0[atts];[abg][atts]amix=inputs=2:duration=longest:dropout_transition=2[aout] -map [vfinal] -map [aout] -c:v libx264 -profile:v high -crf 18 -preset medium -r 25 -pix_fmt yuv420p -c:a aac -b:a 192k -t 52.0 -movflags +faststart D:\keaapp\court_movie_maker\backend\outputs\9bab4e58-c8da-4ac7-83cb-c48b6c4ed832\output.mp4

ffmpeg version N-126549-ga51bb69b09-20260914 Copyright (c) 2000-2026 the FFmpeg developers
  built with gcc 16.2.0 (crosstool-NG 1.29.0.7_b1a94f6)
  configuration: --prefix=/ffbuild/prefix --pkg-config-flags=--static --pkg-config=pkg-config --cross-prefix=x86_64-w64-mingw32- --arch=x86_64 --target-os=mingw32 --enable-gpl --enable-version3 --disable-debug --disable-w32threads --enable-pthreads --enable-iconv --enable-zlib --enable-libxml2 --enable-libvmaf --enable-fontconfig --enable-libharfbuzz --enable-libfreetype --enable-libfribidi --enable-vulkan --enable-libdav1d --enable-libvorbis --enable-librav1e --enable-librsvg --disable-libxcb --disable-xlib --disable-libpulse --enable-gmp --enable-lzma --enable-liblcevc-dec --enable-opencl --enable-amf --enable-libaom --enable-avisynth --enable-chromaprint --enable-libdavs2 --enable-libdvdread --enable-libdvdnav --disable-libfdk-aac --enable-ffnvcodec --enable-cuda-llvm --enable-frei0r --enable-libgme --enable-libkvazaar --enable-libaribb24 --enable-libaribcaption --enable-libass --enable-libbluray --enable-libjxl --enable-libmp3lame --enable-libopus --enable-libplacebo --enable-librist --enable-libssh --enable-libtheora --enable-libvpx --enable-libwebp --enable-libzmq --enable-lv2 --enable-libvpl --enable-openal --enable-liboapv --enable-libopencore-amrnb --enable-libopencore-amrwb --enable-libopenh264 --enable-libopenjpeg --enable-libopenmpt --enable-librubberband --enable-schannel --enable-sdl2 --enable-libsnappy --enable-libsoxr --enable-libsrt --enable-libsvtav1 --enable-libtwolame --enable-libuavs3d --disable-libdrm --enable-vaapi --enable-libvidstab --enable-libvvenc --disable-whisper --enable-libx264 --enable-libx265 --enable-libxavs2 --enable-libxvid --enable-libzimg --enable-libzvbi --extra-cflags=-DLIBTWOLAME_STATIC --extra-cxxflags= --extra-libs=-lgomp --extra-ldflags=-pthread --extra-ldexeflags= --cc=x86_64-w64-mingw32-gcc --cxx=x86_64-w64-mingw32-g++ --ar=x86_64-w64-mingw32-gcc-ar --ranlib=x86_64-w64-mingw32-gcc-ranlib --nm=x86_64-w64-mingw32-gcc-nm --extra-version=20260914
  libavutil      61.  7.100 / 61.  7.100
  libavcodec     63. 12.100 / 63. 12.100
  libavformat    63.  6.100 / 63.  6.100
  libavdevice    63.  2.100 / 63.  2.100
  libavfilter    12.  4.100 / 12.  4.100
  libswscale     10.  2.100 / 10.  2.100
  libswresample   7.  3.100 /  7.  3.100
Input #0, image2, from 'D:\keaapp\court_movie_maker\backend\uploads\e06c5fa7-2cae-4cf4-8738-ba444f268421\images\02e2f089547f464495ab8d8230e63bec.jpg':
  Duration: 00:00:00.04, start: 0.000000, bitrate: 1754635 kb/s
  Stream #0:0: Video: mjpeg (Baseline), yuvj422p(pc, bt470bg/unknown/unknown), 6000x4000, 25 fps, 25 tbr, 25 tbn
Input #1, image2, from 'D:\keaapp\court_movie_maker\backend\uploads\e06c5fa7-2cae-4cf4-8738-ba444f268421\images\26fab01a27f84120a1e290f1451ee409.jpg':
  Duration: 00:00:00.04, start: 0.000000, bitrate: 1489317 kb/s
  Stream #1:0: Video: mjpeg (Baseline), yuvj422p(pc, bt470bg/unknown/unknown), 6000x4000, 25 fps, 25 tbr, 25 tbn
Input #2, image2, from 'D:\keaapp\court_movie_maker\backend\uploads\e06c5fa7-2cae-4cf4-8738-ba444f268421\images\4104baae5d68432bb8746e25f6231c27.jpg':
  Duration: 00:00:00.04, start: 0.000000, bitrate: 2088567 kb/s
  Stream #2:0: Video: mjpeg (Baseline), yuvj422p(pc, bt470bg/unknown/unknown), 6000x4000, 25 fps, 25 tbr, 25 tbn
Input #3, image2, from 'D:\keaapp\court_movie_maker\backend\uploads\e06c5fa7-2cae-4cf4-8738-ba444f268421\images\5302c6fb275049dea61b8a4582c352d5.jpg':
  Duration: 00:00:00.04, start: 0.000000, bitrate: 1940107 kb/s
  Stream #3:0: Video: mjpeg (Baseline), yuvj422p(pc, bt470bg/unknown/unknown), 6000x4000, 25 fps, 25 tbr, 25 tbn
Input #4, image2, from 'D:\keaapp\court_movie_maker\backend\uploads\e06c5fa7-2cae-4cf4-8738-ba444f268421\images\5a4e6bdca8d040ffbbc849558f3400f8.jpg':
  Duration: 00:00:00.04, start: 0.000000, bitrate: 776931 kb/s
  Stream #4:0: Video: mjpeg (Baseline), yuvj420p(pc, bt470bg/unknown/unknown), 6000x4000 [SAR 72:72 DAR 3:2], 25 fps, 25 tbr, 25 tbn
Input #5, image2, from 'D:\keaapp\court_movie_maker\backend\uploads\e06c5fa7-2cae-4cf4-8738-ba444f268421\images\8a9f8010500a4851a2992e03d3765dc9.jpg':
  Duration: 00:00:00.04, start: 0.000000, bitrate: 1704341 kb/s
  Stream #5:0: Video: mjpeg (Baseline), yuvj422p(pc, bt470bg/unknown/unknown), 6000x4000, 25 fps, 25 tbr, 25 tbn
Input #6, image2, from 'D:\keaapp\court_movie_maker\backend\uploads\e06c5fa7-2cae-4cf4-8738-ba444f268421\images\9283c2a06e82419a97abdca52e888269.jpg':
  Duration: 00:00:00.04, start: 0.000000, bitrate: 1290305 kb/s
  Stream #6:0: Video: mjpeg (Baseline), yuvj422p(pc, bt470bg/unknown/unknown), 6000x4000, 25 fps, 25 tbr, 25 tbn
Input #7, image2, from 'D:\keaapp\court_movie_maker\backend\uploads\e06c5fa7-2cae-4cf4-8738-ba444f268421\images\a58dead787264f5789dcbd739e22b9f2.jpg':
  Duration: 00:00:00.04, start: 0.000000, bitrate: 1556220 kb/s
  Stream #7:0: Video: mjpeg (Baseline), yuvj422p(pc, bt470bg/unknown/unknown), 6000x4000, 25 fps, 25 tbr, 25 tbn
Input #8, image2, from 'D:\keaapp\court_movie_maker\backend\uploads\e06c5fa7-2cae-4cf4-8738-ba444f268421\images\ac05000ed9ae4b379377786201b26e33.jpg':
  Duration: 00:00:00.04, start: 0.000000, bitrate: 31733 kb/s
  Stream #8:0: Video: mjpeg (Baseline), yuvj420p(pc, bt470bg/unknown/unknown), 1477x1108 [SAR 1:1 DAR 1477:1108], 25 fps, 25 tbr, 25 tbn
Input #9, image2, from 'D:\keaapp\court_movie_maker\backend\uploads\e06c5fa7-2cae-4cf4-8738-ba444f268421\images\c63550a1ebe248a28889fe71bfbfee94.jpg':
  Duration: 00:00:00.04, start: 0.000000, bitrate: 125976 kb/s
  Stream #9:0: Video: mjpeg (Baseline), yuvj420p(pc, bt470bg/unknown/unknown), 2364x1773 [SAR 1:1 DAR 4:3], 25 fps, 25 tbr, 25 tbn
Input #10, image2, from 'D:\keaapp\court_movie_maker\backend\uploads\e06c5fa7-2cae-4cf4-8738-ba444f268421\images\d62b60a5662c4292baa0da0720e556bf.jpg':
  Duration: 00:00:00.04, start: 0.000000, bitrate: 1534232 kb/s
  Stream #10:0: Video: mjpeg (Baseline), yuvj422p(pc, bt470bg/unknown/unknown), 6000x4000, 25 fps, 25 tbr, 25 tbn
Input #11, image2, from 'D:\keaapp\court_movie_maker\backend\uploads\e06c5fa7-2cae-4cf4-8738-ba444f268421\images\d7faab5946fc4ad29761d88fd20011bb.jpg':
  Duration: 00:00:00.04, start: 0.000000, bitrate: 2326679 kb/s
  Stream #11:0: Video: mjpeg (Baseline), yuvj422p(pc, bt470bg/unknown/unknown), 6000x4000, 25 fps, 25 tbr, 25 tbn
Input #12, image2, from 'D:\keaapp\court_movie_maker\backend\uploads\e06c5fa7-2cae-4cf4-8738-ba444f268421\images\e730040c711d4017965a952619f82f46.jpg':
  Duration: 00:00:00.04, start: 0.000000, bitrate: 195021 kb/s
  Stream #12:0: Video: mjpeg (Baseline), yuvj422p(pc, bt470bg/unknown/unknown), 1920x1280, 25 fps, 25 tbr, 25 tbn
[in#13/mp3 @ 00000220ebc2c3c0] Estimating duration from bitrate, this may be inaccurate
Input #13, mp3, from 'D:\keaapp\court_movie_maker\backend\uploads\e06c5fa7-2cae-4cf4-8738-ba444f268421\audio\background.mp3':
  Metadata:
    TLEN            : 000000233587
  Duration: 00:03:53.29, start: 0.000000, bitrate: 351 kb/s
  Stream #13:0: Audio: mp3 (mp3float), 44100 Hz, stereo, fltp, 192 kb/s
  Stream #13:1: Video: bmp, bgra, 1080x1080, 90k tbr, 90k tbn (attached pic)
    Metadata:
      comment         : Cover (front)
[aist#14:0/pcm_s16le @ 00000220e53f5600] Guessed Channel Layout: mono
Input #14, wav, from 'D:\keaapp\court_movie_maker\backend\outputs\9bab4e58-c8da-4ac7-83cb-c48b6c4ed832\tts_script.wav':
  Duration: 00:00:27.60, bitrate: 705 kb/s
  Stream #14:0: Audio: pcm_s16le ([1][0][0][0] / 0x0001), 44100 Hz, mono, s16, 705 kb/s
Stream mapping:
  Stream #0:0 (mjpeg) -> scale:default
  Stream #1:0 (mjpeg) -> scale:default
  Stream #2:0 (mjpeg) -> scale:default
  Stream #3:0 (mjpeg) -> scale:default
  Stream #4:0 (mjpeg) -> scale:default
  Stream #5:0 (mjpeg) -> scale:default
  Stream #6:0 (mjpeg) -> scale:default
  Stream #7:0 (mjpeg) -> scale:default
  Stream #8:0 (mjpeg) -> scale:default
  Stream #9:0 (mjpeg) -> scale:default
  Stream #10:0 (mjpeg) -> scale:default
  Stream #11:0 (mjpeg) -> scale:default
  Stream #12:0 (mjpeg) -> scale:default
  Stream #13:0 (mp3float) -> aloop:default
  Stream #14:0 (pcm_s16le) -> volume:default
  drawtext:default -> Stream #0:0 (libx264)
  amix:default -> Stream #0:1 (aac)
Press [q] to stop, [?] for help
[swscaler @ 00000220ec160240] deprecated pixel format used, make sure you did set range correctly
[swscaler @ 00000220bb6ebbc0] deprecated pixel format used, make sure you did set range correctly
[swscaler @ 00000220bb732d80] deprecated pixel format used, make sure you did set range correctly
[swscaler @ 00000220be263540] deprecated pixel format used, make sure you did set range correctly
[swscaler @ 00000220be290600] deprecated pixel format used, make sure you did set range correctly
[swscaler @ 00000220c0e1c7c0] deprecated pixel format used, make sure you did set range correctly
[swscaler @ 00000220c0e24800] deprecated pixel format used, make sure you did set range correctly
[swscaler @ 00000220c388a040] deprecated pixel format used, make sure you did set range correctly
[swscaler @ 00000220c3943b80] deprecated pixel format used, make sure you did set range correctly
[swscaler @ 00000220c44b9140] deprecated pixel format used, make sure you did set range correctly
[swscaler @ 00000220c44cd180] deprecated pixel format used, make sure you did set range correctly
[swscaler @ 00000220c8dba940] deprecated pixel format used, make sure you did set range correctly
[swscaler @ 00000220c8e83bc0] deprecated pixel format used, make sure you did set range correctly
[swscaler @ 00000220cb9d5400] deprecated pixel format used, make sure you did set range correctly
[swscaler @ 00000220cb9e1440] deprecated pixel format used, make sure you did set range correctly
[swscaler @ 00000220ce50ebc0] deprecated pixel format used, make sure you did set range correctly
    Last message repeated 1 times
[swscaler @ 00000220cedc57c0] deprecated pixel format used, make sure you did set range correctly
    Last message repeated 1 times
[swscaler @ 00000220d33667c0] deprecated pixel format used, make sure you did set range correctly
[swscaler @ 00000220d3393880] deprecated pixel format used, make sure you did set range correctly
[swscaler @ 00000220d5ee57c0] deprecated pixel format used, make sure you did set range correctly
[swscaler @ 00000220d5ef5800] deprecated pixel format used, make sure you did set range correctly
[swscaler @ 00000220d88d4480] deprecated pixel format used, make sure you did set range correctly
[swscaler @ 00000220d8a56400] deprecated pixel format used, make sure you did set range correctly
[swscaler @ 00000220d9317400] deprecated pixel format used, make sure you did set range correctly
[swscaler @ 00000220d947c540] deprecated pixel format used, make sure you did set range correctly
[libx264 @ 00000220ebc4f1c0] using SAR=1/1
[libx264 @ 00000220ebc4f1c0] using cpu capabilities: MMX2 SSE2Fast SSSE3 SSE4.2 AVX FMA3 BMI2 AVX2
[libx264 @ 00000220ebc4f1c0] profile High, level 4.0, 4:2:0, 8-bit
[libx264 @ 00000220ebc4f1c0] 264 - core 165 - H.264/MPEG-4 AVC codec - Copyleft 2003-2025 - http://www.videolan.org/x264.html - options: cabac=1 ref=3 deblock=1:0:0 analyse=0x3:0x113 me=hex subme=7 psy=1 psy_rd=1.00:0.00 mixed_ref=1 me_range=16 chroma_me=1 trellis=1 8x8dct=1 cqm=0 deadzone=21,11 fast_pskip=1 chroma_qp_offset=-2 threads=18 lookahead_threads=3 sliced_threads=0 nr=0 decimate=1 interlaced=0 bluray_compat=0 constrained_intra=0 bframes=3 b_pyramid=2 b_adapt=1 b_bias=0 direct=1 weightb=1 open_gop=0 weightp=2 keyint=250 keyint_min=25 scenecut=40 intra_refresh=0 rc_lookahead=40 rc=crf mbtree=1 crf=18.0 qcomp=0.60 qpmin=0 qpmax=69 qpstep=4 ip_ratio=1.40 aq=1:1.00
Output #0, mp4, to 'D:\keaapp\court_movie_maker\backend\outputs\9bab4e58-c8da-4ac7-83cb-c48b6c4ed832\output.mp4':
  Metadata:
    encoder         : Lavf63.6.100
  Stream #0:0: Video: h264 (avc1 / 0x31637661), yuv420p(pc, bt470bg/unknown/unknown, progressive), 1920x1080 [SAR 1:1 DAR 16:9], q=2-31, 25 fps, 12800 tbn
    Metadata:
      encoder         : Lavc63.12.100 libx264
    Side data:
      EXIF metadata: (10667 bytes)
      CPB properties: bitrate max/min/avg: 0/0/0 buffer size: 0 vbv_delay: N/A
  Stream #0:1: Audio: aac (LC) (mp4a / 0x6134706D), 44100 Hz, stereo, fltp, 192 kb/s
    Metadata:
      encoder         : Lavc63.12.100 aac
[swscaler @ 00000220dc342840] deprecated pixel format used, make sure you did set range correctly
[swscaler @ 00000220dc36d780] deprecated pixel format used, make sure you did set range correctly
    Last message repeated 2 times
[swscaler @ 00000220dc391800] deprecated pixel format used, make sure you did set range correctly
    Last message repeated 1 times
[swscaler @ 00000220dc4fdd80] deprecated pixel format used, make sure you did set range correctly
[swscaler @ 00000220dc577040] deprecated pixel format used, make sure you did set range correctly
[swscaler @ 00000220dc4fdd80] deprecated pixel format used, make sure you did set range correctly
    Last message repeated 1 times
[swscaler @ 00000220dc5241c0] deprecated pixel format used, make sure you did set range correctly
    Last message repeated 7 times
frame=    0 fps=0.0 q=0.0 size=       0KiB time=00:00:00.67 bitrate=   0.6kbits/s speed=0.187x elapsed=0:00:03.59    
[swscaler @ 00000220dc5241c0] deprecated pixel format used, make sure you did set range correctly
    Last message repeated 3 times
[swscaler @ 00000220dc67c8c0] deprecated pixel format used, make sure you did set range correctly
    Last message repeated 22 times
[swscaler @ 00000220dc379c00] deprecated pixel format used, make sure you did set range correctly
frame=    0 fps=0.0 q=0.0 size=       0KiB time=00:00:01.76 bitrate=   0.2kbits/s speed=0.428x elapsed=0:00:04.12    
[swscaler @ 00000220dc379c00] deprecated pixel format used, make sure you did set range correctly
    Last message repeated 13 times
frame=    0 fps=0.0 q=0.0 size=       0KiB time=00:00:02.34 bitrate=   0.2kbits/s speed=0.507x elapsed=0:00:04.62    
[swscaler @ 00000220dc379c00] deprecated pixel format used, make sure you did set range correctly
    Last message repeated 4 times
[swscaler @ 00000220dca36080] deprecated pixel format used, make sure you did set range correctly
[swscaler @ 00000220dc379c00] deprecated pixel format used, make sure you did set range correctly
    Last message repeated 15 times
frame=   17 fps=3.3 q=23.0 size=     512KiB time=00:00:03.11 bitrate=1348.1kbits/s speed=0.604x elapsed=0:00:05.14    
[swscaler @ 00000220dc379c00] deprecated pixel format used, make sure you did set range correctly
    Last message repeated 26 times
frame=   30 fps=5.3 q=23.0 size=     768KiB time=00:00:03.62 bitrate=1737.0kbits/s speed=0.639x elapsed=0:00:05.66    
[swscaler @ 00000220dc379c00] deprecated pixel format used, make sure you did set range correctly
    Last message repeated 25 times
frame=   47 fps=7.6 q=23.0 size=    1280KiB time=00:00:04.29 bitrate=2441.1kbits/s speed=0.695x elapsed=0:00:06.17    
[swscaler @ 00000220dc379c00] deprecated pixel format used, make sure you did set range correctly
    Last message repeated 5 times
[swscaler @ 00000220dca36080] deprecated pixel format used, make sure you did set range correctly
[swscaler @ 00000220dc379c00] deprecated pixel format used, make sure you did set range correctly
    Last message repeated 17 times
frame=   71 fps= 11 q=23.0 size=    1536KiB time=00:00:05.27 bitrate=2387.3kbits/s speed=0.787x elapsed=0:00:06.69    
[swscaler @ 00000220dc379c00] deprecated pixel format used, make sure you did set range correctly
    Last message repeated 20 times
frame=   91 fps= 13 q=23.0 size=    2304KiB time=00:00:06.06 bitrate=3114.4kbits/s speed=0.84x elapsed=0:00:07.21    
[swscaler @ 00000220dc379c00] deprecated pixel format used, make sure you did set range correctly
    Last message repeated 26 times
frame=  104 fps= 13 q=23.0 size=    3072KiB time=00:00:06.57 bitrate=3829.7kbits/s speed=0.851x elapsed=0:00:07.72    
[swscaler @ 00000220dc379c00] deprecated pixel format used, make sure you did set range correctly
    Last message repeated 27 times
frame=  122 fps= 15 q=23.0 size=    3584KiB time=00:00:07.31 bitrate=4014.1kbits/s speed=0.888x elapsed=0:00:08.23    
[swscaler @ 00000220dc379c00] deprecated pixel format used, make sure you did set range correctly
    Last message repeated 22 times
frame=  145 fps= 17 q=23.0 size=    4096KiB time=00:00:08.21 bitrate=4082.2kbits/s speed=0.939x elapsed=0:00:08.75    
[swscaler @ 00000220dc379c00] deprecated pixel format used, make sure you did set range correctly
    Last message repeated 21 times
frame=  165 fps= 18 q=23.0 size=    4864KiB time=00:00:09.03 bitrate=4411.4kbits/s speed=0.974x elapsed=0:00:09.27    
[swscaler @ 00000220dc379c00] deprecated pixel format used, make sure you did set range correctly
    Last message repeated 27 times
frame=  179 fps= 18 q=23.0 size=    5632KiB time=00:00:09.58 bitrate=4811.1kbits/s speed=0.979x elapsed=0:00:09.79    
[swscaler @ 00000220dc379c00] deprecated pixel format used, make sure you did set range correctly
    Last message repeated 25 times
frame=  195 fps= 19 q=23.0 size=    5888KiB time=00:00:10.21 bitrate=4721.1kbits/s speed=0.991x elapsed=0:00:10.30    
[swscaler @ 00000220dc379c00] deprecated pixel format used, make sure you did set range correctly
    Last message repeated 21 times
frame=  217 fps= 20 q=23.0 size=    6400KiB time=00:00:11.09 bitrate=4723.7kbits/s speed=1.03x elapsed=0:00:10.82    
[swscaler @ 00000220dc379c00] deprecated pixel format used, make sure you did set range correctly
    Last message repeated 16 times
frame=  234 fps= 21 q=20.0 size=    6656KiB time=00:00:11.77 bitrate=4631.7kbits/s speed=1.04x elapsed=0:00:11.33    
[swscaler @ 00000220dc379c00] deprecated pixel format used, make sure you did set range correctly
    Last message repeated 24 times
frame=  249 fps= 21 q=23.0 size=    7936KiB time=00:00:12.37 bitrate=5253.0kbits/s speed=1.04x elapsed=0:00:11.85    
[swscaler @ 00000220dc379c00] deprecated pixel format used, make sure you did set range correctly
    Last message repeated 27 times
frame=  263 fps= 21 q=23.0 size=    9472KiB time=00:00:12.93 bitrate=5999.5kbits/s speed=1.05x elapsed=0:00:12.36    
[swscaler @ 00000220dc379c00] deprecated pixel format used, make sure you did set range correctly
    Last message repeated 21 times
frame=  283 fps= 22 q=23.0 size=   10240KiB time=00:00:13.74 bitrate=6102.5kbits/s speed=1.07x elapsed=0:00:12.88    
[swscaler @ 00000220dc379c00] deprecated pixel format used, make sure you did set range correctly
    Last message repeated 22 times
frame=  306 fps= 23 q=23.0 size=   11008KiB time=00:00:14.62 bitrate=6164.5kbits/s speed=1.09x elapsed=0:00:13.41    
[swscaler @ 00000220dc379c00] deprecated pixel format used, make sure you did set range correctly
    Last message repeated 20 times
frame=  320 fps= 23 q=23.0 size=   11776KiB time=00:00:15.23 bitrate=6333.2kbits/s speed=1.09x elapsed=0:00:13.94    
[swscaler @ 00000220dc379c00] deprecated pixel format used, make sure you did set range correctly
    Last message repeated 27 times
frame=  334 fps= 23 q=23.0 size=   12288KiB time=00:00:15.76 bitrate=6384.7kbits/s speed=1.09x elapsed=0:00:14.45    
[swscaler @ 00000220dc379c00] deprecated pixel format used, make sure you did set range correctly
    Last message repeated 25 times
frame=  355 fps= 24 q=23.0 size=   12544KiB time=00:00:16.60 bitrate=6189.6kbits/s speed=1.11x elapsed=0:00:14.97    
[swscaler @ 00000220dc379c00] deprecated pixel format used, make sure you did set range correctly
    Last message repeated 21 times
frame=  377 fps= 24 q=23.0 size=   12800KiB time=00:00:17.50 bitrate=5989.2kbits/s speed=1.13x elapsed=0:00:15.49    
[swscaler @ 00000220dc379c00] deprecated pixel format used, make sure you did set range correctly
    Last message repeated 20 times
frame=  393 fps= 25 q=23.0 size=   13568KiB time=00:00:18.15 bitrate=6121.2kbits/s speed=1.13x elapsed=0:00:16.02    
[swscaler @ 00000220dc379c00] deprecated pixel format used, make sure you did set range correctly
    Last message repeated 27 times
frame=  407 fps= 25 q=23.0 size=   14336KiB time=00:00:18.69 bitrate=6282.9kbits/s speed=1.13x elapsed=0:00:16.54    
[swscaler @ 00000220dc379c00] deprecated pixel format used, make sure you did set range correctly
    Last message repeated 26 times
frame=  427 fps= 25 q=23.0 size=   14848KiB time=00:00:19.50 bitrate=6236.2kbits/s speed=1.14x elapsed=0:00:17.05    
[swscaler @ 00000220dc379c00] deprecated pixel format used, make sure you did set range correctly
    Last message repeated 21 times
frame=  449 fps= 26 q=23.0 size=   15360KiB time=00:00:20.36 bitrate=6179.0kbits/s speed=1.16x elapsed=0:00:17.57    
[swscaler @ 00000220dc379c00] deprecated pixel format used, make sure you did set range correctly
    Last message repeated 22 times
frame=  468 fps= 26 q=23.0 size=   15872KiB time=00:00:21.15 bitrate=6146.7kbits/s speed=1.17x elapsed=0:00:18.08    
[swscaler @ 00000220dc379c00] deprecated pixel format used, make sure you did set range correctly
    Last message repeated 26 times
frame=  481 fps= 26 q=23.0 size=   16384KiB time=00:00:21.64 bitrate=6202.0kbits/s speed=1.16x elapsed=0:00:18.60    
[swscaler @ 00000220dc379c00] deprecated pixel format used, make sure you did set range correctly
    Last message repeated 27 times
frame=  501 fps= 26 q=23.0 size=   16896KiB time=00:00:22.45 bitrate=6164.3kbits/s speed=1.17x elapsed=0:00:19.12    
[swscaler @ 00000220dc379c00] deprecated pixel format used, make sure you did set range correctly
    Last message repeated 21 times
frame=  523 fps= 27 q=23.0 size=   17152KiB time=00:00:23.35 bitrate=6015.2kbits/s speed=1.19x elapsed=0:00:19.63    
[swscaler @ 00000220dc379c00] deprecated pixel format used, make sure you did set range correctly
    Last message repeated 20 times
frame=  541 fps= 27 q=23.0 size=   17920KiB time=00:00:24.05 bitrate=6102.5kbits/s speed=1.19x elapsed=0:00:20.15    
[swscaler @ 00000220dc379c00] deprecated pixel format used, make sure you did set range correctly
    Last message repeated 27 times
frame=  555 fps= 27 q=23.0 size=   18944KiB time=00:00:24.63 bitrate=6299.2kbits/s speed=1.19x elapsed=0:00:20.66    
[swscaler @ 00000220dc379c00] deprecated pixel format used, make sure you did set range correctly
    Last message repeated 27 times
frame=  574 fps= 27 q=23.0 size=   19456KiB time=00:00:25.37 bitrate=6280.0kbits/s speed= 1.2x elapsed=0:00:21.18    
[swscaler @ 00000220dc379c00] deprecated pixel format used, make sure you did set range correctly
    Last message repeated 20 times
frame=  595 fps= 27 q=23.0 size=   19968KiB time=00:00:26.21 bitrate=6239.8kbits/s speed=1.21x elapsed=0:00:21.70    
[swscaler @ 00000220dc379c00] deprecated pixel format used, make sure you did set range correctly
    Last message repeated 22 times
frame=  616 fps= 28 q=23.0 size=   20480KiB time=00:00:27.05 bitrate=6202.0kbits/s speed=1.22x elapsed=0:00:22.21    
[swscaler @ 00000220dc379c00] deprecated pixel format used, make sure you did set range correctly
    Last message repeated 28 times
frame=  630 fps= 28 q=23.0 size=   21248KiB time=00:00:27.63 bitrate=6299.4kbits/s speed=1.22x elapsed=0:00:22.73    
[swscaler @ 00000220dc379c00] deprecated pixel format used, make sure you did set range correctly
    Last message repeated 28 times
frame=  650 fps= 28 q=23.0 size=   21504KiB time=00:00:28.42 bitrate=6198.2kbits/s speed=1.22x elapsed=0:00:23.24    
[swscaler @ 00000220dc379c00] deprecated pixel format used, make sure you did set range correctly
    Last message repeated 13 times
[swscaler @ 00000220dc58d080] deprecated pixel format used, make sure you did set range correctly
    Last message repeated 9 times
frame=  673 fps= 28 q=23.0 size=   21760KiB time=00:00:29.32 bitrate=6078.3kbits/s speed=1.23x elapsed=0:00:23.76    
[swscaler @ 00000220dc58d080] deprecated pixel format used, make sure you did set range correctly
    Last message repeated 21 times
frame=  692 fps= 29 q=23.0 size=   22528KiB time=00:00:30.11 bitrate=6127.9kbits/s speed=1.24x elapsed=0:00:24.27    
[swscaler @ 00000220dc58d080] deprecated pixel format used, make sure you did set range correctly
    Last message repeated 27 times
frame=  706 fps= 28 q=23.0 size=   23296KiB time=00:00:30.67 bitrate=6221.7kbits/s speed=1.24x elapsed=0:00:24.78    
[swscaler @ 00000220dc58d080] deprecated pixel format used, make sure you did set range correctly
    Last message repeated 26 times
frame=  725 fps= 29 q=23.0 size=   24064KiB time=00:00:31.41 bitrate=6274.8kbits/s speed=1.24x elapsed=0:00:25.30    
[swscaler @ 00000220dc58d080] deprecated pixel format used, make sure you did set range correctly
    Last message repeated 20 times
frame=  746 fps= 29 q=23.0 size=   24576KiB time=00:00:32.25 bitrate=6242.2kbits/s speed=1.25x elapsed=0:00:25.82    
[swscaler @ 00000220dc58d080] deprecated pixel format used, make sure you did set range correctly
    Last message repeated 19 times
frame=  765 fps= 29 q=23.0 size=   25856KiB time=00:00:33.01 bitrate=6414.9kbits/s speed=1.25x elapsed=0:00:26.33    
[swscaler @ 00000220dc58d080] deprecated pixel format used, make sure you did set range correctly
    Last message repeated 21 times
frame=  776 fps= 29 q=23.0 size=   26368KiB time=00:00:33.45 bitrate=6455.7kbits/s speed=1.25x elapsed=0:00:26.85    
[swscaler @ 00000220dc58d080] deprecated pixel format used, make sure you did set range correctly
    Last message repeated 27 times
frame=  790 fps= 29 q=23.0 size=   26624KiB time=00:00:34.04 bitrate=6407.2kbits/s speed=1.24x elapsed=0:00:27.37    
[swscaler @ 00000220dc58d080] deprecated pixel format used, make sure you did set range correctly
    Last message repeated 21 times
frame=  812 fps= 29 q=23.0 size=   27136KiB time=00:00:34.89 bitrate=6369.7kbits/s speed=1.25x elapsed=0:00:27.88    
[swscaler @ 00000220dc58d080] deprecated pixel format used, make sure you did set range correctly
    Last message repeated 20 times
frame=  833 fps= 29 q=23.0 size=   27904KiB time=00:00:35.71 bitrate=6400.9kbits/s speed=1.26x elapsed=0:00:28.40    
[swscaler @ 00000220dc58d080] deprecated pixel format used, make sure you did set range correctly
    Last message repeated 20 times
frame=  846 fps= 29 q=23.0 size=   28672KiB time=00:00:36.24 bitrate=6480.1kbits/s speed=1.25x elapsed=0:00:28.93    
[swscaler @ 00000220dc58d080] deprecated pixel format used, make sure you did set range correctly
    Last message repeated 27 times
frame=  860 fps= 29 q=23.0 size=   30464KiB time=00:00:36.82 bitrate=6776.6kbits/s speed=1.25x elapsed=0:00:29.45    
[swscaler @ 00000220dc58d080] deprecated pixel format used, make sure you did set range correctly
    Last message repeated 24 times
frame=  881 fps= 29 q=23.0 size=   32000KiB time=00:00:37.66 bitrate=6960.3kbits/s speed=1.26x elapsed=0:00:29.96    
[swscaler @ 00000220dc58d080] deprecated pixel format used, make sure you did set range correctly
    Last message repeated 22 times
frame=  904 fps= 30 q=23.0 size=   33280KiB time=00:00:38.49 bitrate=7081.5kbits/s speed=1.26x elapsed=0:00:30.49    
[swscaler @ 00000220dc58d080] deprecated pixel format used, make sure you did set range correctly
    Last message repeated 15 times
frame=  920 fps= 30 q=23.0 size=   34816KiB time=00:00:39.24 bitrate=7268.1kbits/s speed=1.26x elapsed=0:00:31.05    
[swscaler @ 00000220dc58d080] deprecated pixel format used, make sure you did set range correctly
    Last message repeated 22 times
frame=  943 fps= 30 q=23.0 size=   36096KiB time=00:00:40.14 bitrate=7365.3kbits/s speed=1.27x elapsed=0:00:31.56    
[swscaler @ 00000220dc58d080] deprecated pixel format used, make sure you did set range correctly
    Last message repeated 21 times
frame=  965 fps= 30 q=23.0 size=   36608KiB time=00:00:41.02 bitrate=7309.2kbits/s speed=1.28x elapsed=0:00:32.08    
[swscaler @ 00000220dc58d080] deprecated pixel format used, make sure you did set range correctly
    Last message repeated 21 times
frame=  987 fps= 30 q=23.0 size=   37376KiB time=00:00:41.88 bitrate=7309.5kbits/s speed=1.28x elapsed=0:00:32.61    
[swscaler @ 00000220dc58d080] deprecated pixel format used, make sure you did set range correctly
    Last message repeated 22 times
frame= 1010 fps= 30 q=23.0 size=   38656KiB time=00:00:42.81 bitrate=7395.8kbits/s speed=1.29x elapsed=0:00:33.11    
[swscaler @ 00000220dc58d080] deprecated pixel format used, make sure you did set range correctly
    Last message repeated 21 times
frame= 1032 fps= 31 q=23.0 size=   39168KiB time=00:00:43.69 bitrate=7342.4kbits/s speed= 1.3x elapsed=0:00:33.63    
[swscaler @ 00000220dc58d080] deprecated pixel format used, make sure you did set range correctly
    Last message repeated 21 times
frame= 1054 fps= 31 q=23.0 size=   39936KiB time=00:00:44.58 bitrate=7338.2kbits/s speed=1.31x elapsed=0:00:34.14    
[swscaler @ 00000220dc58d080] deprecated pixel format used, make sure you did set range correctly
    Last message repeated 21 times
frame= 1076 fps= 31 q=23.0 size=   40704KiB time=00:00:45.46 bitrate=7334.2kbits/s speed=1.31x elapsed=0:00:34.66    
[swscaler @ 00000220dc58d080] deprecated pixel format used, make sure you did set range correctly
    Last message repeated 13 times
[swscaler @ 00000220dc692900] deprecated pixel format used, make sure you did set range correctly
    Last message repeated 6 times
frame= 1097 fps= 31 q=23.0 size=   41216KiB time=00:00:46.30 bitrate=7292.4kbits/s speed=1.32x elapsed=0:00:35.18    
[swscaler @ 00000220dc692900] deprecated pixel format used, make sure you did set range correctly
    Last message repeated 21 times
frame= 1119 fps= 31 q=23.0 size=   41984KiB time=00:00:47.18 bitrate=7289.4kbits/s speed=1.32x elapsed=0:00:35.69    
[swscaler @ 00000220dc692900] deprecated pixel format used, make sure you did set range correctly
    Last message repeated 21 times
frame= 1141 fps= 32 q=23.0 size=   42496KiB time=00:00:48.06 bitrate=7242.8kbits/s speed=1.33x elapsed=0:00:36.21    
[swscaler @ 00000220dc692900] deprecated pixel format used, make sure you did set range correctly
    Last message repeated 19 times
frame= 1161 fps= 32 q=23.0 size=   43264KiB time=00:00:48.87 bitrate=7251.1kbits/s speed=1.33x elapsed=0:00:36.72    
[swscaler @ 00000220dc692900] deprecated pixel format used, make sure you did set range correctly
    Last message repeated 21 times
frame= 1183 fps= 32 q=23.0 size=   44032KiB time=00:00:49.73 bitrate=7252.3kbits/s speed=1.34x elapsed=0:00:37.23    
[swscaler @ 00000220dc692900] deprecated pixel format used, make sure you did set range correctly
    Last message repeated 21 times
frame= 1205 fps= 32 q=23.0 size=   44800KiB time=00:00:50.61 bitrate=7250.2kbits/s speed=1.34x elapsed=0:00:37.75    
[swscaler @ 00000220dc692900] deprecated pixel format used, make sure you did set range correctly
    Last message repeated 21 times
frame= 1227 fps= 32 q=23.0 size=   45312KiB time=00:00:51.50 bitrate=7207.4kbits/s speed=1.35x elapsed=0:00:38.27    
[swscaler @ 00000220dc692900] deprecated pixel format used, make sure you did set range correctly
    Last message repeated 10 times
frame= 1250 fps= 32 q=23.0 size=   46080KiB time=N/A bitrate=N/A speed=N/A elapsed=0:00:38.78    
frame= 1275 fps= 32 q=23.0 size=   47360KiB time=N/A bitrate=N/A speed=N/A elapsed=0:00:39.30    
[mp4 @ 00000220e75cf000] Starting second pass: moving the moov atom to the beginning of the file
[out#0/mp4 @ 00000220e5418ac0] video:46906KiB audio:1208KiB subtitle:0KiB other streams:0KiB global headers:0KiB muxing overhead: 0.089397%
frame= 1300 fps= 33 q=-1.0 Lsize=   48157KiB time=00:00:52.00 bitrate=7586.6kbits/s speed=1.32x elapsed=0:00:39.53    
[libx264 @ 00000220ebc4f1c0] frame I:6     Avg QP:14.75  size:562477
[libx264 @ 00000220ebc4f1c0] frame P:470   Avg QP:17.95  size: 82294
[libx264 @ 00000220ebc4f1c0] frame B:824   Avg QP:22.27  size:  7255
[libx264 @ 00000220ebc4f1c0] consecutive B-frames: 12.4%  9.1%  0.7% 77.8%
[libx264 @ 00000220ebc4f1c0] mb I  I16..4:  4.6% 50.4% 45.0%
[libx264 @ 00000220ebc4f1c0] mb P  I16..4:  0.2%  1.4%  1.0%  P16..4: 46.7% 17.6% 15.7%  0.0%  0.0%    skip:17.3%
[libx264 @ 00000220ebc4f1c0] mb B  I16..4:  0.0%  0.0%  0.0%  B16..8: 42.6%  2.2%  0.5%  direct: 1.2%  skip:53.6%  L0:50.3% L1:43.5% BI: 6.2%
[libx264 @ 00000220ebc4f1c0] 8x8 transform intra:51.9% inter:68.3%
[libx264 @ 00000220ebc4f1c0] coded y,uvDC,uvAC intra: 86.6% 80.6% 66.6% inter: 17.2% 12.9% 5.1%
[libx264 @ 00000220ebc4f1c0] i16 v,h,dc,p: 26% 24%  9% 40%
[libx264 @ 00000220ebc4f1c0] i8 v,h,dc,ddl,ddr,vr,hd,vl,hu: 21% 19% 22%  5%  6%  6%  7%  6%  8%
[libx264 @ 00000220ebc4f1c0] i4 v,h,dc,ddl,ddr,vr,hd,vl,hu: 21% 21% 10%  7%  8%  8%  9%  7%  9%
[libx264 @ 00000220ebc4f1c0] i8c dc,h,v,p: 44% 27% 21%  8%
[libx264 @ 00000220ebc4f1c0] Weighted P-Frames: Y:0.0% UV:0.0%
[libx264 @ 00000220ebc4f1c0] ref P L0: 48.2%  6.3% 20.5% 24.9%
[libx264 @ 00000220ebc4f1c0] ref B L0: 64.1% 25.3% 10.6%
[libx264 @ 00000220ebc4f1c0] ref B L1: 77.1% 22.9%
[libx264 @ 00000220ebc4f1c0] kb/s:7389.36
[aac @ 00000220ebc4f580] Qavg: 11.536  Tr: 2.6%  TNS(L): 1.8%  TNS(S): 3.4%  M/S: 77.3%  I/S: 0.0%  PNS: 0.0%
